<?xml version="1.0" encoding="UTF-8"?>
<testsuites name="jest tests" tests="11" failures="2" time="11.859">
  <testsuite name="Spotify Pocket" errors="0" failures="2" skipped="0" timestamp="2020-06-14T22:16:48" time="8.545" tests="11">
    <testcase classname="Spotify Pocket Components data-testid match should should render properly the &lt;Loading&gt; component" name="Spotify Pocket Components data-testid match should should render properly the &lt;Loading&gt; component" time="0.035">
    </testcase>
    <testcase classname="Spotify Pocket Components data-testid match should should render properly the &lt;Logo&gt; component" name="Spotify Pocket Components data-testid match should should render properly the &lt;Logo&gt; component" time="0.011">
    </testcase>
    <testcase classname="Spotify Pocket Components data-testid match should should render properly the &lt;RouteHeader&gt; component" name="Spotify Pocket Components data-testid match should should render properly the &lt;RouteHeader&gt; component" time="0.016">
    </testcase>
    <testcase classname="Spotify Pocket Components data-testid match should should render properly the &lt;WelcomeBox&gt; component" name="Spotify Pocket Components data-testid match should should render properly the &lt;WelcomeBox&gt; component" time="0.003">
    </testcase>
    <testcase classname="Spotify Pocket Containers data-testid match should should render properly the &lt;App&gt; container" name="Spotify Pocket Containers data-testid match should should render properly the &lt;App&gt; container" time="0.011">
      <failure>Error: Unable to find an element by: [data-testid=&quot;app&quot;]

&lt;body&gt;
  &lt;div&gt;
    &lt;div
      class=&quot;callback&quot;
      data-testid=&quot;callback&quot;
    &gt;
      &lt;div
        class=&quot;container&quot;
      &gt;
        &lt;div
          class=&quot;loading&quot;
          data-testid=&quot;loading&quot;
        &gt;
          &lt;span /&gt;
          &lt;span /&gt;
          &lt;span /&gt;
          &lt;span /&gt;
          &lt;span /&gt;
          &lt;span /&gt;
          &lt;span /&gt;
          &lt;span /&gt;
        &lt;/div&gt;
        &lt;p
          class=&quot;loading__text&quot;
        &gt;
          Autenticando...
        &lt;/p&gt;
      &lt;/div&gt;
    &lt;/div&gt;
  &lt;/div&gt;
&lt;/body&gt;
    at Object.getElementError (C:\Users\Ruvila Magalhaes\codenation\react-17\node_modules\@testing-library\dom\dist\config.js:34:12)
    at C:\Users\Ruvila Magalhaes\codenation\react-17\node_modules\@testing-library\dom\dist\query-helpers.js:71:38
    at getByTestId (C:\Users\Ruvila Magalhaes\codenation\react-17\node_modules\@testing-library\dom\dist\query-helpers.js:54:17)
    at Object.&lt;anonymous&gt; (C:\Users\Ruvila Magalhaes\codenation\react-17\src\__tests__\validation.spec.js:78:25)
    at Object.asyncJestTest (C:\Users\Ruvila Magalhaes\codenation\react-17\node_modules\jest-jasmine2\build\jasmineAsyncInstall.js:102:37)
    at C:\Users\Ruvila Magalhaes\codenation\react-17\node_modules\jest-jasmine2\build\queueRunner.js:43:12
    at new Promise (&lt;anonymous&gt;)
    at mapper (C:\Users\Ruvila Magalhaes\codenation\react-17\node_modules\jest-jasmine2\build\queueRunner.js:26:19)
    at C:\Users\Ruvila Magalhaes\codenation\react-17\node_modules\jest-jasmine2\build\queueRunner.js:73:41</failure>
    </testcase>
    <testcase classname="Spotify Pocket Containers data-testid match should should render properly the &lt;Authorize&gt; container" name="Spotify Pocket Containers data-testid match should should render properly the &lt;Authorize&gt; container" time="0.003">
      <failure>Error: Unable to find an element by: [data-testid=&quot;callback&quot;]

&lt;body&gt;
  &lt;div&gt;
    &lt;div
      class=&quot;callback&quot;
    /&gt;
  &lt;/div&gt;
&lt;/body&gt;
    at Object.getElementError (C:\Users\Ruvila Magalhaes\codenation\react-17\node_modules\@testing-library\dom\dist\config.js:34:12)
    at C:\Users\Ruvila Magalhaes\codenation\react-17\node_modules\@testing-library\dom\dist\query-helpers.js:71:38
    at getByTestId (C:\Users\Ruvila Magalhaes\codenation\react-17\node_modules\@testing-library\dom\dist\query-helpers.js:54:17)
    at Object.&lt;anonymous&gt; (C:\Users\Ruvila Magalhaes\codenation\react-17\src\__tests__\validation.spec.js:89:25)
    at Object.asyncJestTest (C:\Users\Ruvila Magalhaes\codenation\react-17\node_modules\jest-jasmine2\build\jasmineAsyncInstall.js:102:37)
    at C:\Users\Ruvila Magalhaes\codenation\react-17\node_modules\jest-jasmine2\build\queueRunner.js:43:12
    at new Promise (&lt;anonymous&gt;)
    at mapper (C:\Users\Ruvila Magalhaes\codenation\react-17\node_modules\jest-jasmine2\build\queueRunner.js:26:19)
    at C:\Users\Ruvila Magalhaes\codenation\react-17\node_modules\jest-jasmine2\build\queueRunner.js:73:41</failure>
    </testcase>
    <testcase classname="Spotify Pocket Containers data-testid match should should render properly the &lt;Categories&gt; container" name="Spotify Pocket Containers data-testid match should should render properly the &lt;Categories&gt; container" time="0.003">
    </testcase>
    <testcase classname="Spotify Pocket Containers data-testid match should should render properly the &lt;CategoryItem&gt; container" name="Spotify Pocket Containers data-testid match should should render properly the &lt;CategoryItem&gt; container" time="0.006">
    </testcase>
    <testcase classname="Spotify Pocket Containers data-testid match should should render properly the &lt;Login&gt; container" name="Spotify Pocket Containers data-testid match should should render properly the &lt;Login&gt; container" time="0.007">
    </testcase>
    <testcase classname="Spotify Pocket Containers data-testid match should should render properly the &lt;PlaylistItem&gt; container" name="Spotify Pocket Containers data-testid match should should render properly the &lt;PlaylistItem&gt; container" time="0.014">
    </testcase>
    <testcase classname="Spotify Pocket Containers data-testid match should should render properly the &lt;Playlists&gt; container" name="Spotify Pocket Containers data-testid match should should render properly the &lt;Playlists&gt; container" time="0.005">
    </testcase>
  </testsuite>
</testsuites>